A (94711, 871) nnz 1674487 psd cones 41
------------------------------------------------------------------
	       SCS v3.2.11 - Splitting Conic Solver
	(c) Brendan O'Donoghue, Stanford University, 2012
------------------------------------------------------------------
problem:  variables n: 871, constraints m: 94711
cones: 	  q: soc vars: 276, qsize: 4
	  s: psd vars: 94435, ssize: 41
settings: eps_abs: 1.0e-05, eps_rel: 1.0e-05, eps_infeas: 1.0e-07
	  alpha: 1.50, scale: 1.00e-01, adaptive_scale: 1
	  max_iters: 2000, normalize: 1, rho_x: 1.00e-06
	  acceleration_lookback: 10, acceleration_interval: 10
lin-sys:  sparse-direct-amd-qdldl
	  nnz(A): 1674487, nnz(P): 0
------------------------------------------------------------------
 iter | pri res | dua res |   gap   |   obj   |  scale  | time (s)
------------------------------------------------------------------
     0| 1.40e+00  1.00e+00  1.79e+01 -2.79e+00  1.00e-01  2.14e+00 
   250| 3.06e+01  4.13e-02  3.87e-02  1.41e+02  4.78e-03  1.03e+01 
   500| 1.52e+01  6.00e-02  3.27e-03  1.84e+02  1.31e-03  1.82e+01 
   750| 3.16e+01  1.07e-02  3.54e-03  1.95e+02  3.64e-04  2.61e+01 
  1000| 3.00e+00  8.43e-03  7.70e-04  1.94e+02  3.64e-04  3.38e+01 
  1250| 1.50e+00  3.69e-03  5.62e-04  2.00e+02  3.64e-04  4.18e+01 
  1500| 1.62e+00  3.35e-03  9.45e-04  1.97e+02  3.64e-04  4.95e+01 
  1750| 1.28e+00  1.00e-03  6.96e-04  2.02e+02  3.64e-04  5.76e+01 
  2000| 1.42e+00  7.54e-03  2.90e-03  1.94e+02  3.64e-04  6.58e+01 
------------------------------------------------------------------
status:  solved (inaccurate - reached max_iters)
timings: total: 6.58e+01s = setup: 2.09e+00s + solve: 6.38e+01s
	 lin-sys: 1.97e+01s, cones: 4.14e+01s, accel: 4.55e-01s
------------------------------------------------------------------
objective = 194.480667 (inaccurate)
------------------------------------------------------------------
{'status': 'solved (inaccurate - reached max_iters)', 'iter': 2000, 'res_pri': 1.423134039629287, 'res_dual': 0.0075373880753026, 'gap': 0.002895490526880042, 'pobj': 194.47921967732435, 'solve_time': 63751.251103} 66s
